25 run(s), one fresh server each
  case_004 seed=0 arm=lossy tag=lenience0p2
  case_005 seed=0 arm=lossy tag=lenience0p2
  case_007 seed=0 arm=lossy tag=lenience0p2
  case_008 seed=0 arm=lossy tag=lenience0p2
  case_009 seed=0 arm=lossy tag=lenience0p2
  case_010 seed=0 arm=lossy tag=lenience0p2
  case_011 seed=0 arm=lossy tag=lenience0p2
  case_012 seed=0 arm=lossy tag=lenience0p2
  case_013 seed=0 arm=lossy tag=lenience0p2
  case_014 seed=0 arm=lossy tag=lenience0p2
  case_015 seed=0 arm=lossy tag=lenience0p2
  case_016 seed=0 arm=lossy tag=lenience0p2
  case_017 seed=0 arm=lossy tag=lenience0p2
  case_018 seed=0 arm=lossy tag=lenience0p2
  case_019 seed=0 arm=lossy tag=lenience0p2
  case_020 seed=0 arm=lossy tag=lenience0p2
  case_021 seed=0 arm=lossy tag=lenience0p2
  case_022 seed=0 arm=lossy tag=lenience0p2
  case_023 seed=0 arm=lossy tag=lenience0p2
  case_024 seed=0 arm=lossy tag=lenience0p2
  case_025 seed=0 arm=lossy tag=lenience0p2
  case_026 seed=0 arm=lossy tag=lenience0p2
  case_027 seed=0 arm=lossy tag=lenience0p2
  case_028 seed=0 arm=lossy tag=lenience0p2
  case_029 seed=0 arm=lossy tag=lenience0p2

[1/25] case_004 seed=0 arm=lossy -> /home/chiatzen/lossy-spec-decode-repetition/logs/trace/lenience0p2_case_004_seed0_20260803T102228Z.log
case_004 seed=0 mode=lenience0p2: L=32768 finish=length l_bar=3.452 L/l_bar=9492.0 final_ch=False wall=90.85s
[1/25] ok in 158s

[2/25] case_005 seed=0 arm=lossy -> /home/chiatzen/lossy-spec-decode-repetition/logs/trace/lenience0p2_case_005_seed0_20260803T102507Z.log
case_005 seed=0 mode=lenience0p2: L=10356 finish=stop l_bar=3.366 L/l_bar=3076.7 final_ch=True wall=28.96s
[2/25] ok in 96s

[3/25] case_007 seed=0 arm=lossy -> /home/chiatzen/lossy-spec-decode-repetition/logs/trace/lenience0p2_case_007_seed0_20260803T102643Z.log
case_007 seed=0 mode=lenience0p2: L=7067 finish=stop l_bar=3.232 L/l_bar=2186.8 final_ch=True wall=20.39s
[3/25] ok in 88s

[4/25] case_008 seed=0 arm=lossy -> /home/chiatzen/lossy-spec-decode-repetition/logs/trace/lenience0p2_case_008_seed0_20260803T102811Z.log
case_008 seed=0 mode=lenience0p2: L=7158 finish=stop l_bar=3.731 L/l_bar=1918.5 final_ch=True wall=18.44s
[4/25] ok in 84s

[5/25] case_009 seed=0 arm=lossy -> /home/chiatzen/lossy-spec-decode-repetition/logs/trace/lenience0p2_case_009_seed0_20260803T102935Z.log
case_009 seed=0 mode=lenience0p2: L=2997 finish=stop l_bar=3.294 L/l_bar=909.9 final_ch=True wall=8.74s
[5/25] ok in 76s

[6/25] case_010 seed=0 arm=lossy -> /home/chiatzen/lossy-spec-decode-repetition/logs/trace/lenience0p2_case_010_seed0_20260803T103051Z.log
case_010 seed=0 mode=lenience0p2: L=1082 finish=stop l_bar=3.349 L/l_bar=323.0 final_ch=True wall=3.26s
[6/25] ok in 71s

[7/25] case_011 seed=0 arm=lossy -> /home/chiatzen/lossy-spec-decode-repetition/logs/trace/lenience0p2_case_011_seed0_20260803T103201Z.log
case_011 seed=0 mode=lenience0p2: L=9521 finish=stop l_bar=3.483 L/l_bar=2733.5 final_ch=True wall=25.93s
[7/25] ok in 91s

[8/25] case_012 seed=0 arm=lossy -> /home/chiatzen/lossy-spec-decode-repetition/logs/trace/lenience0p2_case_012_seed0_20260803T103333Z.log
case_012 seed=0 mode=lenience0p2: L=3804 finish=stop l_bar=3.481 L/l_bar=1092.9 final_ch=True wall=10.52s
[8/25] ok in 76s

[9/25] case_013 seed=0 arm=lossy -> /home/chiatzen/lossy-spec-decode-repetition/logs/trace/lenience0p2_case_013_seed0_20260803T103449Z.log
case_013 seed=0 mode=lenience0p2: L=2585 finish=stop l_bar=3.859 L/l_bar=669.9 final_ch=True wall=6.62s
[9/25] ok in 72s

[10/25] case_014 seed=0 arm=lossy -> /home/chiatzen/lossy-spec-decode-repetition/logs/trace/lenience0p2_case_014_seed0_20260803T103601Z.log
case_014 seed=0 mode=lenience0p2: L=19179 finish=stop l_bar=3.292 L/l_bar=5825.1 final_ch=True wall=54.77s
[10/25] ok in 120s

[11/25] case_015 seed=0 arm=lossy -> /home/chiatzen/lossy-spec-decode-repetition/logs/trace/lenience0p2_case_015_seed0_20260803T103801Z.log
case_015 seed=0 mode=lenience0p2: L=6216 finish=stop l_bar=3.405 L/l_bar=1825.3 final_ch=True wall=17.22s
[11/25] ok in 83s

[12/25] case_016 seed=0 arm=lossy -> /home/chiatzen/lossy-spec-decode-repetition/logs/trace/lenience0p2_case_016_seed0_20260803T103924Z.log
case_016 seed=0 mode=lenience0p2: L=9030 finish=stop l_bar=3.687 L/l_bar=2449.4 final_ch=True wall=23.70s
[12/25] ok in 89s

[13/25] case_017 seed=0 arm=lossy -> /home/chiatzen/lossy-spec-decode-repetition/logs/trace/lenience0p2_case_017_seed0_20260803T104053Z.log
case_017 seed=0 mode=lenience0p2: L=29202 finish=stop l_bar=3.243 L/l_bar=9004.4 final_ch=True wall=83.93s
[13/25] ok in 149s

[14/25] case_018 seed=0 arm=lossy -> /home/chiatzen/lossy-spec-decode-repetition/logs/trace/lenience0p2_case_018_seed0_20260803T104322Z.log
case_018 seed=0 mode=lenience0p2: L=18978 finish=stop l_bar=3.538 L/l_bar=5363.7 final_ch=True wall=50.93s
[14/25] ok in 118s

[15/25] case_019 seed=0 arm=lossy -> /home/chiatzen/lossy-spec-decode-repetition/logs/trace/lenience0p2_case_019_seed0_20260803T104520Z.log
case_019 seed=0 mode=lenience0p2: L=32768 finish=length l_bar=3.342 L/l_bar=9804.2 final_ch=False wall=93.12s
[15/25] ok in 159s

[16/25] case_020 seed=0 arm=lossy -> /home/chiatzen/lossy-spec-decode-repetition/logs/trace/lenience0p2_case_020_seed0_20260803T104759Z.log
case_020 seed=0 mode=lenience0p2: L=4392 finish=stop l_bar=3.743 L/l_bar=1173.4 final_ch=True wall=11.23s
[16/25] ok in 79s

[17/25] case_021 seed=0 arm=lossy -> /home/chiatzen/lossy-spec-decode-repetition/logs/trace/lenience0p2_case_021_seed0_20260803T104918Z.log
case_021 seed=0 mode=lenience0p2: L=17091 finish=stop l_bar=3.403 L/l_bar=5022.9 final_ch=True wall=47.62s
[17/25] ok in 113s

[18/25] case_022 seed=0 arm=lossy -> /home/chiatzen/lossy-spec-decode-repetition/logs/trace/lenience0p2_case_022_seed0_20260803T105111Z.log
case_022 seed=0 mode=lenience0p2: L=32768 finish=length l_bar=3.199 L/l_bar=10244.5 final_ch=False wall=96.40s
[18/25] ok in 162s

[19/25] case_023 seed=0 arm=lossy -> /home/chiatzen/lossy-spec-decode-repetition/logs/trace/lenience0p2_case_023_seed0_20260803T105352Z.log
case_023 seed=0 mode=lenience0p2: L=10242 finish=stop l_bar=3.639 L/l_bar=2814.8 final_ch=True wall=27.24s
[19/25] ok in 93s

[20/25] case_024 seed=0 arm=lossy -> /home/chiatzen/lossy-spec-decode-repetition/logs/trace/lenience0p2_case_024_seed0_20260803T105525Z.log
case_024 seed=0 mode=lenience0p2: L=3495 finish=stop l_bar=3.575 L/l_bar=977.7 final_ch=True wall=9.49s
[20/25] ok in 75s

[21/25] case_025 seed=0 arm=lossy -> /home/chiatzen/lossy-spec-decode-repetition/logs/trace/lenience0p2_case_025_seed0_20260803T105640Z.log
case_025 seed=0 mode=lenience0p2: L=2375 finish=stop l_bar=3.643 L/l_bar=652.0 final_ch=True wall=6.33s
[21/25] ok in 72s

[22/25] case_026 seed=0 arm=lossy -> /home/chiatzen/lossy-spec-decode-repetition/logs/trace/lenience0p2_case_026_seed0_20260803T105752Z.log
case_026 seed=0 mode=lenience0p2: L=32768 finish=length l_bar=3.18 L/l_bar=10305.8 final_ch=False wall=95.99s
[22/25] ok in 163s

[23/25] case_027 seed=0 arm=lossy -> /home/chiatzen/lossy-spec-decode-repetition/logs/trace/lenience0p2_case_027_seed0_20260803T110035Z.log
case_027 seed=0 mode=lenience0p2: L=2910 finish=stop l_bar=3.669 L/l_bar=793.1 final_ch=True wall=7.72s
[23/25] ok in 75s

[24/25] case_028 seed=0 arm=lossy -> /home/chiatzen/lossy-spec-decode-repetition/logs/trace/lenience0p2_case_028_seed0_20260803T110150Z.log
case_028 seed=0 mode=lenience0p2: L=4900 finish=stop l_bar=3.716 L/l_bar=1318.6 final_ch=True wall=12.72s
[24/25] ok in 78s

[25/25] case_029 seed=0 arm=lossy -> /home/chiatzen/lossy-spec-decode-repetition/logs/trace/lenience0p2_case_029_seed0_20260803T110308Z.log
case_029 seed=0 mode=lenience0p2: L=31342 finish=stop l_bar=3.431 L/l_bar=9136.0 final_ch=True wall=86.93s
[25/25] ok in 154s

wrote /home/chiatzen/lossy-spec-decode-repetition/runs/aime24_fresh/fresh_server_replay.json; 25/25 ok
