60 run(s), one fresh server each
  case_001 seed=0 arm=strict tag=strict
  case_001 seed=0 arm=lossy tag=lenience0p2
  case_002 seed=0 arm=strict tag=strict
  case_002 seed=0 arm=lossy tag=lenience0p2
  case_003 seed=0 arm=strict tag=strict
  case_003 seed=0 arm=lossy tag=lenience0p2
  case_004 seed=0 arm=strict tag=strict
  case_004 seed=0 arm=lossy tag=lenience0p2
  case_005 seed=0 arm=strict tag=strict
  case_005 seed=0 arm=lossy tag=lenience0p2
  case_006 seed=0 arm=strict tag=strict
  case_006 seed=0 arm=lossy tag=lenience0p2
  case_007 seed=0 arm=strict tag=strict
  case_007 seed=0 arm=lossy tag=lenience0p2
  case_008 seed=0 arm=strict tag=strict
  case_008 seed=0 arm=lossy tag=lenience0p2
  case_009 seed=0 arm=strict tag=strict
  case_009 seed=0 arm=lossy tag=lenience0p2
  case_010 seed=0 arm=strict tag=strict
  case_010 seed=0 arm=lossy tag=lenience0p2
  case_011 seed=0 arm=strict tag=strict
  case_011 seed=0 arm=lossy tag=lenience0p2
  case_012 seed=0 arm=strict tag=strict
  case_012 seed=0 arm=lossy tag=lenience0p2
  case_013 seed=0 arm=strict tag=strict
  case_013 seed=0 arm=lossy tag=lenience0p2
  case_014 seed=0 arm=strict tag=strict
  case_014 seed=0 arm=lossy tag=lenience0p2
  case_015 seed=0 arm=strict tag=strict
  case_015 seed=0 arm=lossy tag=lenience0p2
  case_016 seed=0 arm=strict tag=strict
  case_016 seed=0 arm=lossy tag=lenience0p2
  case_017 seed=0 arm=strict tag=strict
  case_017 seed=0 arm=lossy tag=lenience0p2
  case_018 seed=0 arm=strict tag=strict
  case_018 seed=0 arm=lossy tag=lenience0p2
  case_019 seed=0 arm=strict tag=strict
  case_019 seed=0 arm=lossy tag=lenience0p2
  case_020 seed=0 arm=strict tag=strict
  case_020 seed=0 arm=lossy tag=lenience0p2
  case_021 seed=0 arm=strict tag=strict
  case_021 seed=0 arm=lossy tag=lenience0p2
  case_022 seed=0 arm=strict tag=strict
  case_022 seed=0 arm=lossy tag=lenience0p2
  case_023 seed=0 arm=strict tag=strict
  case_023 seed=0 arm=lossy tag=lenience0p2
  case_024 seed=0 arm=strict tag=strict
  case_024 seed=0 arm=lossy tag=lenience0p2
  case_025 seed=0 arm=strict tag=strict
  case_025 seed=0 arm=lossy tag=lenience0p2
  case_026 seed=0 arm=strict tag=strict
  case_026 seed=0 arm=lossy tag=lenience0p2
  case_027 seed=0 arm=strict tag=strict
  case_027 seed=0 arm=lossy tag=lenience0p2
  case_028 seed=0 arm=strict tag=strict
  case_028 seed=0 arm=lossy tag=lenience0p2
  case_029 seed=0 arm=strict tag=strict
  case_029 seed=0 arm=lossy tag=lenience0p2
  case_030 seed=0 arm=strict tag=strict
  case_030 seed=0 arm=lossy tag=lenience0p2

[1/60] case_001 seed=0 arm=strict -> /home/chiatzen/lossy-spec-decode-repetition/logs/fresh/strict_case_001_seed0_20260803T023809Z.log
case_001 seed=0 mode=strict: L=1711 finish=stop l_bar=2.88 L/l_bar=594.1 final_ch=True wall=4.63s
[1/60] ok in 64s

[2/60] case_001 seed=0 arm=lossy -> /home/chiatzen/lossy-spec-decode-repetition/logs/fresh/lenience0p2_case_001_seed0_20260803T023913Z.log
case_001 seed=0 mode=lenience0p2: L=1587 finish=stop l_bar=3.795 L/l_bar=418.2 final_ch=True wall=3.55s
[2/60] ok in 71s

[3/60] case_002 seed=0 arm=strict -> /home/chiatzen/lossy-spec-decode-repetition/logs/fresh/strict_case_002_seed0_20260803T024024Z.log
case_002 seed=0 mode=strict: L=32768 finish=length l_bar=1.87 L/l_bar=17522.8 final_ch=False wall=119.15s
[3/60] ok in 179s

[4/60] case_002 seed=0 arm=lossy -> /home/chiatzen/lossy-spec-decode-repetition/logs/fresh/lenience0p2_case_002_seed0_20260803T024323Z.log
case_002 seed=0 mode=lenience0p2: L=32768 finish=length l_bar=3.105 L/l_bar=10552.9 final_ch=False wall=82.93s
[4/60] ok in 150s

[5/60] case_003 seed=0 arm=strict -> /home/chiatzen/lossy-spec-decode-repetition/logs/fresh/strict_case_003_seed0_20260803T024553Z.log
case_003 seed=0 mode=strict: L=28934 finish=stop l_bar=1.679 L/l_bar=17235.3 final_ch=True wall=113.03s
[5/60] ok in 172s

[6/60] case_003 seed=0 arm=lossy -> /home/chiatzen/lossy-spec-decode-repetition/logs/fresh/lenience0p2_case_003_seed0_20260803T024845Z.log
case_003 seed=0 mode=lenience0p2: L=32768 finish=length l_bar=3.005 L/l_bar=10905.3 final_ch=False wall=85.44s
[6/60] ok in 153s

[7/60] case_004 seed=0 arm=strict -> /home/chiatzen/lossy-spec-decode-repetition/logs/fresh/strict_case_004_seed0_20260803T025118Z.log
case_004 seed=0 mode=strict: L=10406 finish=stop l_bar=2.056 L/l_bar=5061.1 final_ch=True wall=34.76s
[7/60] ok in 94s

[8/60] case_004 seed=0 arm=lossy -> /home/chiatzen/lossy-spec-decode-repetition/logs/fresh/lenience0p2_case_004_seed0_20260803T025253Z.log
case_004 seed=0 mode=lenience0p2: L=32768 finish=length l_bar=3.452 L/l_bar=9492.0 final_ch=False wall=77.17s
[8/60] ok in 143s

[9/60] case_005 seed=0 arm=strict -> /home/chiatzen/lossy-spec-decode-repetition/logs/fresh/strict_case_005_seed0_20260803T025515Z.log
case_005 seed=0 mode=strict: L=5394 finish=stop l_bar=2.173 L/l_bar=2482.3 final_ch=True wall=17.48s
[9/60] ok in 77s

[10/60] case_005 seed=0 arm=lossy -> /home/chiatzen/lossy-spec-decode-repetition/logs/fresh/lenience0p2_case_005_seed0_20260803T025632Z.log
case_005 seed=0 mode=lenience0p2: L=10356 finish=stop l_bar=3.366 L/l_bar=3076.7 final_ch=True wall=24.31s
[10/60] ok in 92s

[11/60] case_006 seed=0 arm=strict -> /home/chiatzen/lossy-spec-decode-repetition/logs/fresh/strict_case_006_seed0_20260803T025804Z.log
case_006 seed=0 mode=strict: L=10613 finish=stop l_bar=2.236 L/l_bar=4746.5 final_ch=True wall=33.41s
[11/60] ok in 93s

[12/60] case_006 seed=0 arm=lossy -> /home/chiatzen/lossy-spec-decode-repetition/logs/fresh/lenience0p2_case_006_seed0_20260803T025937Z.log
case_006 seed=0 mode=lenience0p2: L=8458 finish=stop l_bar=3.627 L/l_bar=2332.0 final_ch=True wall=18.62s
[12/60] ok in 84s

[13/60] case_007 seed=0 arm=strict -> /home/chiatzen/lossy-spec-decode-repetition/logs/fresh/strict_case_007_seed0_20260803T030101Z.log
case_007 seed=0 mode=strict: L=6048 finish=stop l_bar=1.931 L/l_bar=3131.8 final_ch=True wall=21.03s
[13/60] ok in 80s

[14/60] case_007 seed=0 arm=lossy -> /home/chiatzen/lossy-spec-decode-repetition/logs/fresh/lenience0p2_case_007_seed0_20260803T030221Z.log
case_007 seed=0 mode=lenience0p2: L=7067 finish=stop l_bar=3.232 L/l_bar=2186.8 final_ch=True wall=17.07s
[14/60] ok in 84s

[15/60] case_008 seed=0 arm=strict -> /home/chiatzen/lossy-spec-decode-repetition/logs/fresh/strict_case_008_seed0_20260803T030345Z.log
case_008 seed=0 mode=strict: L=1976 finish=stop l_bar=2.431 L/l_bar=813.0 final_ch=True wall=5.99s
[15/60] ok in 67s

[16/60] case_008 seed=0 arm=lossy -> /home/chiatzen/lossy-spec-decode-repetition/logs/fresh/lenience0p2_case_008_seed0_20260803T030453Z.log
case_008 seed=0 mode=lenience0p2: L=7158 finish=stop l_bar=3.731 L/l_bar=1918.5 final_ch=True wall=15.51s
[16/60] ok in 83s

[17/60] case_009 seed=0 arm=strict -> /home/chiatzen/lossy-spec-decode-repetition/logs/fresh/strict_case_009_seed0_20260803T030616Z.log
case_009 seed=0 mode=strict: L=2916 finish=stop l_bar=2.29 L/l_bar=1273.3 final_ch=True wall=9.22s
[17/60] ok in 69s

[18/60] case_009 seed=0 arm=lossy -> /home/chiatzen/lossy-spec-decode-repetition/logs/fresh/lenience0p2_case_009_seed0_20260803T030724Z.log
case_009 seed=0 mode=lenience0p2: L=2997 finish=stop l_bar=3.294 L/l_bar=909.9 final_ch=True wall=7.30s
[18/60] ok in 75s

[19/60] case_010 seed=0 arm=strict -> /home/chiatzen/lossy-spec-decode-repetition/logs/fresh/strict_case_010_seed0_20260803T030839Z.log
case_010 seed=0 mode=strict: L=1518 finish=stop l_bar=2.66 L/l_bar=570.6 final_ch=True wall=4.42s
[19/60] ok in 64s

[20/60] case_010 seed=0 arm=lossy -> /home/chiatzen/lossy-spec-decode-repetition/logs/fresh/lenience0p2_case_010_seed0_20260803T030943Z.log
case_010 seed=0 mode=lenience0p2: L=1082 finish=stop l_bar=3.349 L/l_bar=323.0 final_ch=True wall=2.73s
[20/60] ok in 70s

[21/60] case_011 seed=0 arm=strict -> /home/chiatzen/lossy-spec-decode-repetition/logs/fresh/strict_case_011_seed0_20260803T031053Z.log
case_011 seed=0 mode=strict: L=4727 finish=stop l_bar=2.272 L/l_bar=2080.6 final_ch=True wall=14.92s
[21/60] ok in 74s

[22/60] case_011 seed=0 arm=lossy -> /home/chiatzen/lossy-spec-decode-repetition/logs/fresh/lenience0p2_case_011_seed0_20260803T031207Z.log
case_011 seed=0 mode=lenience0p2: L=9521 finish=stop l_bar=3.483 L/l_bar=2733.5 final_ch=True wall=21.87s
[22/60] ok in 89s

[23/60] case_012 seed=0 arm=strict -> /home/chiatzen/lossy-spec-decode-repetition/logs/fresh/strict_case_012_seed0_20260803T031337Z.log
case_012 seed=0 mode=strict: L=2071 finish=stop l_bar=2.143 L/l_bar=966.6 final_ch=True wall=6.91s
[23/60] ok in 66s

[24/60] case_012 seed=0 arm=lossy -> /home/chiatzen/lossy-spec-decode-repetition/logs/fresh/lenience0p2_case_012_seed0_20260803T031443Z.log
case_012 seed=0 mode=lenience0p2: L=3804 finish=stop l_bar=3.481 L/l_bar=1092.9 final_ch=True wall=8.87s
[24/60] ok in 74s

[25/60] case_013 seed=0 arm=strict -> /home/chiatzen/lossy-spec-decode-repetition/logs/fresh/strict_case_013_seed0_20260803T031557Z.log
case_013 seed=0 mode=strict: L=1491 finish=stop l_bar=2.291 L/l_bar=650.7 final_ch=True wall=4.69s
[25/60] ok in 64s

[26/60] case_013 seed=0 arm=lossy -> /home/chiatzen/lossy-spec-decode-repetition/logs/fresh/lenience0p2_case_013_seed0_20260803T031701Z.log
case_013 seed=0 mode=lenience0p2: L=2585 finish=stop l_bar=3.859 L/l_bar=669.9 final_ch=True wall=5.48s
[26/60] ok in 73s

[27/60] case_014 seed=0 arm=strict -> /home/chiatzen/lossy-spec-decode-repetition/logs/fresh/strict_case_014_seed0_20260803T031814Z.log
case_014 seed=0 mode=strict: L=32768 finish=length l_bar=1.647 L/l_bar=19892.2 final_ch=False wall=128.93s
[27/60] ok in 188s

[28/60] case_014 seed=0 arm=lossy -> /home/chiatzen/lossy-spec-decode-repetition/logs/fresh/lenience0p2_case_014_seed0_20260803T032123Z.log
case_014 seed=0 mode=lenience0p2: L=19179 finish=stop l_bar=3.292 L/l_bar=5825.1 final_ch=True wall=46.23s
[28/60] ok in 114s

[29/60] case_015 seed=0 arm=strict -> /home/chiatzen/lossy-spec-decode-repetition/logs/fresh/strict_case_015_seed0_20260803T032316Z.log
case_015 seed=0 mode=strict: L=4970 finish=stop l_bar=2.301 L/l_bar=2159.5 final_ch=True wall=15.43s
[29/60] ok in 75s

[30/60] case_015 seed=0 arm=lossy -> /home/chiatzen/lossy-spec-decode-repetition/logs/fresh/lenience0p2_case_015_seed0_20260803T032431Z.log
case_015 seed=0 mode=lenience0p2: L=6216 finish=stop l_bar=3.405 L/l_bar=1825.3 final_ch=True wall=14.51s
[30/60] ok in 82s

[31/60] case_016 seed=0 arm=strict -> /home/chiatzen/lossy-spec-decode-repetition/logs/fresh/strict_case_016_seed0_20260803T032553Z.log
case_016 seed=0 mode=strict: L=4346 finish=stop l_bar=2.344 L/l_bar=1854.2 final_ch=True wall=13.36s
[31/60] ok in 73s

[32/60] case_016 seed=0 arm=lossy -> /home/chiatzen/lossy-spec-decode-repetition/logs/fresh/lenience0p2_case_016_seed0_20260803T032706Z.log
case_016 seed=0 mode=lenience0p2: L=9030 finish=stop l_bar=3.687 L/l_bar=2449.4 final_ch=True wall=19.94s
[32/60] ok in 87s

[33/60] case_017 seed=0 arm=strict -> /home/chiatzen/lossy-spec-decode-repetition/logs/fresh/strict_case_017_seed0_20260803T032833Z.log
case_017 seed=0 mode=strict: L=21576 finish=stop l_bar=2.115 L/l_bar=10200.4 final_ch=True wall=70.96s
[33/60] ok in 130s

[34/60] case_017 seed=0 arm=lossy -> /home/chiatzen/lossy-spec-decode-repetition/logs/fresh/lenience0p2_case_017_seed0_20260803T033044Z.log
case_017 seed=0 mode=lenience0p2: L=29202 finish=stop l_bar=3.243 L/l_bar=9004.4 final_ch=True wall=71.26s
[34/60] ok in 139s

[35/60] case_018 seed=0 arm=strict -> /home/chiatzen/lossy-spec-decode-repetition/logs/fresh/strict_case_018_seed0_20260803T033302Z.log
case_018 seed=0 mode=strict: L=5298 finish=stop l_bar=2.519 L/l_bar=2103.0 final_ch=True wall=15.48s
[35/60] ok in 77s

[36/60] case_018 seed=0 arm=lossy -> /home/chiatzen/lossy-spec-decode-repetition/logs/fresh/lenience0p2_case_018_seed0_20260803T033419Z.log
case_018 seed=0 mode=lenience0p2: L=18978 finish=stop l_bar=3.538 L/l_bar=5363.7 final_ch=True wall=43.27s
[36/60] ok in 111s

[37/60] case_019 seed=0 arm=strict -> /home/chiatzen/lossy-spec-decode-repetition/logs/fresh/strict_case_019_seed0_20260803T033610Z.log
case_019 seed=0 mode=strict: L=11554 finish=stop l_bar=2.224 L/l_bar=5195.7 final_ch=True wall=36.37s
[37/60] ok in 96s

[38/60] case_019 seed=0 arm=lossy -> /home/chiatzen/lossy-spec-decode-repetition/logs/fresh/lenience0p2_case_019_seed0_20260803T033746Z.log
case_019 seed=0 mode=lenience0p2: L=32768 finish=length l_bar=3.342 L/l_bar=9804.2 final_ch=False wall=78.62s
[38/60] ok in 144s

[39/60] case_020 seed=0 arm=strict -> /home/chiatzen/lossy-spec-decode-repetition/logs/fresh/strict_case_020_seed0_20260803T034010Z.log
case_020 seed=0 mode=strict: L=3342 finish=stop l_bar=2.423 L/l_bar=1379.4 final_ch=True wall=9.96s
[39/60] ok in 69s

[40/60] case_020 seed=0 arm=lossy -> /home/chiatzen/lossy-spec-decode-repetition/logs/fresh/lenience0p2_case_020_seed0_20260803T034119Z.log
case_020 seed=0 mode=lenience0p2: L=4392 finish=stop l_bar=3.743 L/l_bar=1173.4 final_ch=True wall=9.44s
[40/60] ok in 77s

[41/60] case_021 seed=0 arm=strict -> /home/chiatzen/lossy-spec-decode-repetition/logs/fresh/strict_case_021_seed0_20260803T034236Z.log
case_021 seed=0 mode=strict: L=9852 finish=stop l_bar=1.947 L/l_bar=5060.0 final_ch=True wall=34.38s
[41/60] ok in 94s

[42/60] case_021 seed=0 arm=lossy -> /home/chiatzen/lossy-spec-decode-repetition/logs/fresh/lenience0p2_case_021_seed0_20260803T034410Z.log
case_021 seed=0 mode=lenience0p2: L=17091 finish=stop l_bar=3.403 L/l_bar=5022.9 final_ch=True wall=40.23s
[42/60] ok in 108s

[43/60] case_022 seed=0 arm=strict -> /home/chiatzen/lossy-spec-decode-repetition/logs/fresh/strict_case_022_seed0_20260803T034557Z.log
case_022 seed=0 mode=strict: L=8465 finish=stop l_bar=1.833 L/l_bar=4618.1 final_ch=True wall=30.53s
[43/60] ok in 90s

[44/60] case_022 seed=0 arm=lossy -> /home/chiatzen/lossy-spec-decode-repetition/logs/fresh/lenience0p2_case_022_seed0_20260803T034727Z.log
case_022 seed=0 mode=lenience0p2: L=32768 finish=length l_bar=3.199 L/l_bar=10244.5 final_ch=False wall=82.04s
[44/60] ok in 149s

[45/60] case_023 seed=0 arm=strict -> /home/chiatzen/lossy-spec-decode-repetition/logs/fresh/strict_case_023_seed0_20260803T034957Z.log
case_023 seed=0 mode=strict: L=7786 finish=stop l_bar=2.045 L/l_bar=3806.7 final_ch=True wall=26.40s
[45/60] ok in 86s

[46/60] case_023 seed=0 arm=lossy -> /home/chiatzen/lossy-spec-decode-repetition/logs/fresh/lenience0p2_case_023_seed0_20260803T035123Z.log
case_023 seed=0 mode=lenience0p2: L=10242 finish=stop l_bar=3.639 L/l_bar=2814.8 final_ch=True wall=23.00s
[46/60] ok in 90s

[47/60] case_024 seed=0 arm=strict -> /home/chiatzen/lossy-spec-decode-repetition/logs/fresh/strict_case_024_seed0_20260803T035253Z.log
case_024 seed=0 mode=strict: L=20202 finish=stop l_bar=2.466 L/l_bar=8193.0 final_ch=True wall=60.07s
[47/60] ok in 119s

[48/60] case_024 seed=0 arm=lossy -> /home/chiatzen/lossy-spec-decode-repetition/logs/fresh/lenience0p2_case_024_seed0_20260803T035452Z.log
case_024 seed=0 mode=lenience0p2: L=3495 finish=stop l_bar=3.575 L/l_bar=977.7 final_ch=True wall=7.94s
[48/60] ok in 75s

[49/60] case_025 seed=0 arm=strict -> /home/chiatzen/lossy-spec-decode-repetition/logs/fresh/strict_case_025_seed0_20260803T035608Z.log
case_025 seed=0 mode=strict: L=3043 finish=stop l_bar=2.694 L/l_bar=1129.5 final_ch=True wall=8.46s
[49/60] ok in 68s

[50/60] case_025 seed=0 arm=lossy -> /home/chiatzen/lossy-spec-decode-repetition/logs/fresh/lenience0p2_case_025_seed0_20260803T035716Z.log
case_025 seed=0 mode=lenience0p2: L=2375 finish=stop l_bar=3.643 L/l_bar=652.0 final_ch=True wall=5.32s
[50/60] ok in 71s

[51/60] case_026 seed=0 arm=strict -> /home/chiatzen/lossy-spec-decode-repetition/logs/fresh/strict_case_026_seed0_20260803T035826Z.log
case_026 seed=0 mode=strict: L=32768 finish=length l_bar=1.911 L/l_bar=17147.9 final_ch=False wall=116.75s
[51/60] ok in 176s

[52/60] case_026 seed=0 arm=lossy -> /home/chiatzen/lossy-spec-decode-repetition/logs/fresh/lenience0p2_case_026_seed0_20260803T040123Z.log
case_026 seed=0 mode=lenience0p2: L=32768 finish=length l_bar=3.18 L/l_bar=10305.8 final_ch=False wall=81.31s
[52/60] ok in 149s

[53/60] case_027 seed=0 arm=strict -> /home/chiatzen/lossy-spec-decode-repetition/logs/fresh/strict_case_027_seed0_20260803T040351Z.log
case_027 seed=0 mode=strict: L=2191 finish=stop l_bar=2.42 L/l_bar=905.5 final_ch=True wall=6.67s
[53/60] ok in 66s

[54/60] case_027 seed=0 arm=lossy -> /home/chiatzen/lossy-spec-decode-repetition/logs/fresh/lenience0p2_case_027_seed0_20260803T040457Z.log
case_027 seed=0 mode=lenience0p2: L=2910 finish=stop l_bar=3.669 L/l_bar=793.1 final_ch=True wall=6.47s
[54/60] ok in 74s

[55/60] case_028 seed=0 arm=strict -> /home/chiatzen/lossy-spec-decode-repetition/logs/fresh/strict_case_028_seed0_20260803T040611Z.log
case_028 seed=0 mode=strict: L=3680 finish=stop l_bar=2.436 L/l_bar=1510.9 final_ch=True wall=11.00s
[55/60] ok in 70s

[56/60] case_028 seed=0 arm=lossy -> /home/chiatzen/lossy-spec-decode-repetition/logs/fresh/lenience0p2_case_028_seed0_20260803T040722Z.log
case_028 seed=0 mode=lenience0p2: L=4900 finish=stop l_bar=3.716 L/l_bar=1318.6 final_ch=True wall=10.72s
[56/60] ok in 78s

[57/60] case_029 seed=0 arm=strict -> /home/chiatzen/lossy-spec-decode-repetition/logs/fresh/strict_case_029_seed0_20260803T040840Z.log
case_029 seed=0 mode=strict: L=10687 finish=stop l_bar=2.161 L/l_bar=4944.9 final_ch=True wall=34.79s
[57/60] ok in 94s

[58/60] case_029 seed=0 arm=lossy -> /home/chiatzen/lossy-spec-decode-repetition/logs/fresh/lenience0p2_case_029_seed0_20260803T041014Z.log
case_029 seed=0 mode=lenience0p2: L=31342 finish=stop l_bar=3.431 L/l_bar=9136.0 final_ch=True wall=73.97s
[58/60] ok in 139s

[59/60] case_030 seed=0 arm=strict -> /home/chiatzen/lossy-spec-decode-repetition/logs/fresh/strict_case_030_seed0_20260803T041233Z.log
case_030 seed=0 mode=strict: L=8202 finish=stop l_bar=1.74 L/l_bar=4714.3 final_ch=True wall=30.74s
[59/60] ok in 90s

[60/60] case_030 seed=0 arm=lossy -> /home/chiatzen/lossy-spec-decode-repetition/logs/fresh/lenience0p2_case_030_seed0_20260803T041403Z.log
case_030 seed=0 mode=lenience0p2: L=32768 finish=length l_bar=3.261 L/l_bar=10049.8 final_ch=False wall=80.82s
[60/60] ok in 148s

wrote /home/chiatzen/lossy-spec-decode-repetition/runs/aime24_fresh/fresh_server_replay.json; 60/60 ok
